../Core/Src/main.c:63:6:map	24	static
../Core/Src/main.c:68:6:setPwm	16	static
../Core/Src/main.c:73:6:setMotorStop	8	static
../Core/Src/main.c:81:6:setMotorStart	16	static
../Core/Src/main.c:103:5:main	24	static
../Core/Src/main.c:165:6:SystemClock_Config	88	static
../Core/Src/main.c:209:13:MX_ADC1_Init	24	static
../Core/Src/main.c:271:13:MX_TIM1_Init	96	static
../Core/Src/main.c:348:13:MX_DMA_Init	16	static
../Core/Src/main.c:366:13:MX_GPIO_Init	40	static
../Core/Src/main.c:395:6:Error_Handler	4	static,ignoring_inline_asm
